main.c:89:6:microDelay	16	static
main.c:95:9:DHT22_Start	32	static
main.c:126:9:DHT22_Read	16	static
main.c:153:6:Read_DHT22	8	static
main.c:181:6:delay_us	16	static
main.c:193:6:adc_read	8	static
main.c:200:6:cl_khong_khi	104	static
main.c:244:5:main	8	static
main.c:331:6:SystemClock_Config	88	static
main.c:376:13:MX_ADC1_Init	24	static
main.c:434:13:MX_TIM1_Init	32	static
main.c:480:13:MX_USART1_UART_Init	8	static
main.c:513:13:MX_USART2_UART_Init	8	static
main.c:546:13:MX_USART6_UART_Init	8	static
main.c:577:13:MX_DMA_Init	16	static
main.c:595:13:MX_GPIO_Init	48	static
main.c:628:6:HAL_UART_RxCpltCallback	16	static
main.c:638:6:Error_Handler	4	static
